// Jest Snapshot v1, https://goo.gl/fbAQLP

exports[`Twin.arco preset for windi WindiCSS dark mode 1`] = `
".text-red-1 {
  --tw-text-opacity: 1;
  color: rgba(var(--red-1), var(--tw-text-opacity, 1));
}
body[arco-theme=dark] .dark\\\\:text-red-10 {
  --tw-text-opacity: 1;
  color: rgba(var(--red-10), var(--tw-text-opacity, 1));
}"
`;

exports[`Twin.arco preset for windi WindiCSS disable opacity 1`] = `
".text-red-1 {
  color: rgb(var(--red-1));
}
.text-opacity-50 {
  --tw-text-opacity: 0.5;
}"
`;

exports[`Twin.arco preset for windi WindiCSS preset 1`] = `
".bg-red-1 {
  --tw-bg-opacity: 1;
  background-color: rgba(var(--red-1), var(--tw-bg-opacity, 1));
}
.bg-arco-bg-1 {
  background-color: var(--color-bg-1);
}
.border-red-1 {
  --tw-border-opacity: 1;
  border-color: rgba(var(--red-1), var(--tw-border-opacity, 1));
}
.border-arco-border-1 {
  border-color: var(--color-border-1);
}
.text-red-1 {
  --tw-text-opacity: 1;
  color: rgba(var(--red-1), var(--tw-text-opacity, 1));
}
.text-arco-text-1 {
  color: var(--color-text-1);
}"
`;
